256,256,false,true,0,4,0,12,0,28,783628,2140323720,-128,127,-32625,32405,-2139804706,2145139030,-9216439232345632980,9201665022718575466,0.0035754442,0.9966397,0.0014460175058255142,0.9987703202471936,B⇞扯䩐糍䒷刪蝣錢쾴ਵ䒵⠮䀈磚줔⟱莈薾촆,B⇞扯䩐糍䒷刪蝣錢쾴ਵ䒵⠮䀈磚줔⟱莈薾촆
