2,0,2,1.0100000000000002,1.1400000000000001,0.6400000000000001
0,1,0,0,1,0.5
0,0,0,2.1,0.10000000000000009,2.1
