6,4,5,-6.6882005,6.28,7.850000262260437
25,10,12.5,9,6,7.5
0,0,0,8.4,4.2,5.249999761581421
