-1,0,-0.5,5.2700005,1.1400001,0.6400001049041748
0,3,2.5,0,1,0.5
-2,-2,-2.5,-1.9000001,0.099999905,-0.40000009536743164
