6,4,5,-6.6882,6.28,7.8500000000000005
25,10,12.5,9,6,7.5
0,0,0,8.4,4.2,5.25
