5,-1,6,0,1.01,5.2700005,-6.6882005,-1.4741783
10,0,25,1,6,0,9,1
2,-2,0,0,6.1,-1.9000001,8.4,0.525
