0,1,0.8,-1.4741784037558687,1.57,1.256
1,2,2,1,1.5,1.2
0,0,0,0.525,1.05,0.8400000000000001
