-1,0,-0.5,5.27,1.1400000000000001,0.6400000000000001
0,3,2.5,0,1,0.5
-2,-2,-2.5,-1.9,0.10000000000000009,-0.3999999999999999
