5,4,4.5,1.01,5.1400003,5.640000104904175
10,7,7.5,6,5,5.5
2,2,2.5,6.1,4.1,4.599999904632568
