5,4,4.5,1.0100000000000002,5.140000000000001,5.640000000000001
10,7,7.5,6,5,5.5
2,2,2.5,6.1,4.1,4.6
