0,1,0.8,-1.4741783,1.57,1.25600004196167
1,2,2,1,1.5,1.2
0,0,0,0.525,1.05,0.8399999618530274
