2,0,2,1.01,1.1400001,0.6400001049041748
0,1,0,0,1,0.5
0,0,0,2.1,0.099999905,2.0999999046325684
