256,256,false,true,0,4,0,12,0,28,783628,2140323720,-128,127,-32625,32405,-2139804706,2145139030,-9216439232345632980,9201665022718575466,0.0035754442,0.9966397,0.0014460175058255142,0.9987703202471936,씶꺙頫璂赫⦑㯇姹㨝恋鷉ᜀ鱕芿萺⽗㥋۹뿠,씶꺙頫璂赫⦑㯇姹㨝恋鷉ᜀ鱕芿萺⽗㥋۹뿠,-169,-289753,2147483647,269433464379590488,522,1482,3658,277238556498,125.8706,121.70651186599423
