1,1
2,1.4142135623730951
3,1.7320508075688772
4,2
5,2.23606797749979
